[www.laserteam.pro/index.html]
[backblue.gif]
[fade.gif]
[index.html]
[www.laserteam.pro/favicon.ico]
[www.laserteam.pro/feeds/posts/default]
[www.laserteam.pro/feeds/posts/default9522]
[use.fontawesome.com/releases/v5.10.2/css/all.css]
[stackpath.bootstrapcdn.com/bootstrap/4.4.1/css/bootstrap.min.css]
[code.jquery.com/jquery-3.4.1.slim.min.js]
[cdn.jsdelivr.net/npm/popper.js@1.16.0/dist/umd/popper.min.js]
[stackpath.bootstrapcdn.com/bootstrap/4.4.1/js/bootstrap.min.js]
[stackpath.bootstrapcdn.com/font-awesome/4.7.0/css/font-awesome.min.css]
[cdn.jsdelivr.net/npm/remixicon@2.5.0/fonts/remixicon.css]
[blogger.googleusercontent.com/img/b/R29vZ2xl/AVvXsEgWe7xvpb-_9pjCo1LqEVDrEAAgGgMvfyT1j_9657EtFTU7dn0ArllsYfTfycYbeg_NDnxjwBVE2aXVR87yPZ8mOoXtkg3ChvjwC1M5GRJQtvXiPs8Ivr4sm7JxVDIlcyhMxp4_qg9g3QIl/s16000/email-bg.jpg]
[www.marcoguglie.it/Codepen/AnimatedHeaderBg/demo-1/img/demo-1-bg.jpg]
[blogger.googleusercontent.com/img/b/R29vZ2xl/AVvXsEgpekvqXpRRsl3RJexwHe-rWxt4QluFIyA4o0sunRyE9c8lOYw_sSBxEgskrJ0MxhDAKiFUpGnYDxZFUDwH-S9ZacGllsxQpgGxq6ctE3b0f_5Nb8rGNyfYrGCDXFoQwlr6iH9DA4d9vZQ/s1600/nth.png]
[www.laserteam.pro/p/work-with-us.html]
[www.laserteam.pro/p/youtube.html]
[www.laserteam.pro/p/twitter.html]
[www.laserteam.pro/p/instagram.10.delayed]
[www.laserteam.pro/p/verification-consulting.html]
[www.laserteam.pro/p/listing.html]
[www.laserteam.pro/p/telegram.html]
[www.laserteam.pro/p/press.html]
[pbs.twimg.com/profile_images/1682379992066412544/qx8S_4aD_400x400.jpg]
[www.laserteam.pro/2024/07/who-is-clarissa-yorke.html]
[www.laserteam.pro/2023/11/crypto-community-management-how-to.html]
[www.laserteam.pro/2023/09/high-gainers-silo-finance-silo.html]
[www.laserteam.pro/searchc7ee.html]
[www.laserteam.pro/p/disclaimer.html]
[ajax.googleapis.com/ajax/libs/jquery/1.12.4/jquery.min.js]
[img1.blogblog.com/img/blank.gif]
[www.laserteam.pro/s45-c/index.html]
[www.laserteam.pro/s35-c/index.html]
[blogger.googleusercontent.com/img/b/R29vZ2xl/AVvXsEhonQr07X2i2HTtruj0Q3HzOomolxxyboO_iIB1-ep92dd4rPzKAOTyu_Bt8TsePWLO1Mn3N0-8rjAhYeBrStH_XfP3A7MLPcVxK93EWGs9PfQQ9sM0OxRxjWHVSloX2nUKoG6uR5dqpz2C/s55-r/avatar.png]
[www.blogger.com/static/v1/widgets/1447070124-widgets.js]
[www.laserteam.pro/index.html]
[use.fontawesome.com/releases/v5.10.2/css/all.css]
[stackpath.bootstrapcdn.com/bootstrap/4.4.1/css/bootstrap.min.css]
[stackpath.bootstrapcdn.com/font-awesome/4.7.0/css/font-awesome.min.css]
[cdn.jsdelivr.net/npm/remixicon@2.5.0/fonts/remixicondf6d.eot]
[cdn.jsdelivr.net/npm/remixicon@2.5.0/fonts/remixicondf6d.woff2]
[cdn.jsdelivr.net/npm/remixicon@2.5.0/fonts/remixicondf6d.woff]
[cdn.jsdelivr.net/npm/remixicon@2.5.0/fonts/remixicondf6d.ttf]
[cdn.jsdelivr.net/npm/remixicon@2.5.0/fonts/remixicon.css]
[cdn.jsdelivr.net/npm/remixicon@2.5.0/fonts/remixicondf6d.svg]
[www.laserteam.pro/p/work-with-us.html]
[www.laserteam.pro/p/youtube.html]
[images.seeklogo.com/logo-png/49/1/twitter-x-logo-png_seeklogo-492394199b.png]
[pbs.twimg.com/profile_images/1817823055202205696/Jh40yNnz_400x400.jpg]
[pbs.twimg.com/profile_images/1640887285653577728/1dEOAsQJ_400x400.jpg]
[pbs.twimg.com/profile_images/1755607482016444416/-mVDHqC4_400x400.jpg]
[pbs.twimg.com/profile_images/1637272815886843909/LtrNAzPt_400x400.jpg]
[pbs.twimg.com/profile_images/1516832024274812934/kqd-bPHk_400x400.jpg]
[pbs.twimg.com/profile_images/1740803636052066304/AEAS9S3i_400x400.jpg]
[www.laserteam.pro/p/www.instagram.com/candemazzone.2e.delayed]
[pbs.twimg.com/profile_images/1778522040674250752/U2Z5YdoR_400x400.jpg]
[pbs.twimg.com/profile_images/1728788261038854144/HoTitFPK_400x400.jpg]
[pbs.twimg.com/profile_images/1716549271468531712/tyxE-Ap2_400x400.jpg]
[www.laserteam.pro/p/twitter.html]
[www.laserteam.pro/p/instagram.html]
[www.laserteam.pro/p/verification-consulting.html]
[files.coinmarketcap.com/static/widget/coinPriceBlock.js]
[www.laserteam.pro/p/listing.html]
[widgets.coingecko.com/coingecko-coin-compare-chart-widget.js]
[widgets.coingecko.com/coingecko-coin-heatmap-widget.js]
[www.laserteam.pro/p/telegram.html]
[www.laserteam.pro/p/press.html]
[pbs.twimg.com/profile_images/1731260261858783232/8-GEkWOW_400x400.jpg]
[telegram.org/js/telegram-widgetb6d7.js]
[www.laserteam.pro/2024/07/who-is-clarissa-yorke.html]
[www.laserteam.pro/2023/11/crypto-community-management-how-to.html]
[www.laserteam.pro/2023/09/high-gainers-silo-finance-silo.html]
[www.laserteam.pro/2023/09/high-gainers-loom-network-loom.html]
[www.laserteam.pro/2023/08/gem-of-day-blockchain-bets-bcb.html]
[www.laserteam.pro/searchc7ee.html]
[www.laserteam.pro/p/disclaimer.html]
[www.laserteam.pro/s35-c/index.html]
[www.laserteam.pro/s45-c/index.html]
[www.laserteam.pro/2023/07/high-gainers-stellar-xlm.html]
[cdn.jsdelivr.net/npm/remixicon@2.5.0/fonts/remixicondf6d.svg]
[www.blogger.com/dyn-css/authorizationfeca.css]
[www.laserteam.pro/p/www.instagram.com/candemazzone.html]
[www.laserteam.pro/feeds/7328681165786963953/comments/default.html]
[www.laserteam.pro/feeds/902815310266559665/comments/default.html]
[www.laserteam.pro/feeds/3041978494161549893/comments/default.html]
[www.laserteam.pro/search358d.html]
[www.laserteam.pro/2023/09/high-gainers-loom-network-loom.html]
[www.laserteam.pro/2023/08/gem-of-day-blockchain-bets-bcb.html]
[www.laserteam.pro/2023/07/high-gainers-stellar-xlm.html]
[www.laserteam.pro/2023/07/high-gainers-lido-dao-ldo.html]
[www.laserteam.pro/2023/07/gem-of-day-segaerc-sega.html]
[www.laserteam.pro/2023/07/gem-of-day-defi-bears-dfb.html]
[www.laserteam.pro/search358d.html]
[www.laserteam.pro/feeds/1481519683717371397/comments/default.html]
[www.laserteam.pro/feeds/1692717097851381599/comments/default.html]
[www.laserteam.pro/feeds/2117283480648387521/comments/default.html]
[www.laserteam.pro/search23b8.html]
[www.blogger.com/static/v1/widgets/91768132-widgets.js]
[www.laserteam.pro/2023/07/high-gainers-lido-dao-ldo.html]
[www.laserteam.pro/2023/07/gem-of-day-segaerc-sega.html]
[www.laserteam.pro/2023/07/gem-of-day-defi-bears-dfb.html]
[www.laserteam.pro/2023/07/gem-of-day-tsuka-update.html]
[www.laserteam.pro/2023/06/gem-of-day-jotaro-jotaro.html]
[www.laserteam.pro/2023/06/gem-of-day-harrypotterobamasonic10inu.html]
[www.laserteam.pro/search23b8.html]
[www.laserteam.pro/feeds/419888246435454339/comments/default.html]
[draft.blogger.com/dyn-css/authorizationfeca.css]
[www.laserteam.pro/feeds/8541027576366477012/comments/default.html]
[www.laserteam.pro/feeds/2519944513292308160/comments/default.html]
[www.laserteam.pro/searchd2cb.html]
[www.laserteam.pro/2023/07/gem-of-day-tsuka-update.html]
[www.laserteam.pro/2023/06/gem-of-day-jotaro-jotaro.html]
[www.laserteam.pro/2023/06/gem-of-day-harrypotterobamasonic10inu.html]
[www.laserteam.pro/2023/06/gem-of-day-champignons-of-arborethia.html]
[www.laserteam.pro/2023/06/gem-of-day-poohmoney-pooh.html]
[www.laserteam.pro/2023/06/gem-of-day-snek.html]
[www.laserteam.pro/searchd2cb.html]
[www.laserteam.pro/feeds/6822737126396037306/comments/default.html]
[www.laserteam.pro/feeds/2701812491739151219/comments/default.html]
[www.laserteam.pro/feeds/8669571158764681599/comments/default.html]
[www.laserteam.pro/search240b.html]
[www.laserteam.pro/2023/06/gem-of-day-champignons-of-arborethia.html]
[www.laserteam.pro/2023/06/gem-of-day-poohmoney-pooh.html]
[www.laserteam.pro/2023/06/gem-of-day-snek.html]
[www.laserteam.pro/2023/06/gem-of-day-ducker.html]
[www.laserteam.pro/2023/04/gem-of-day-sanin-inu.html]
[www.laserteam.pro/2023/04/gem-of-day-dogs-of-crypto-doc.html]
[www.laserteam.pro/search240b.html]
[www.laserteam.pro/feeds/3573677456216571560/comments/default.html]
[www.laserteam.pro/feeds/9004545795046592182/comments/default.html]
[www.laserteam.pro/feeds/1422906400294003799/comments/default.html]
[www.laserteam.pro/search51db.html]
[www.laserteam.pro/2023/06/gem-of-day-ducker.html]
[www.laserteam.pro/2023/04/gem-of-day-sanin-inu.html]
[www.laserteam.pro/2023/04/gem-of-day-dogs-of-crypto-doc.html]
[www.laserteam.pro/2023/04/gem-of-day-boba-inu-bobainu.html]
[www.laserteam.pro/2023/04/gem-of-day-civilization-civ.html]
[www.laserteam.pro/2023/04/gem-of-day-squidgrow-never-seen.html]
[www.laserteam.pro/search51db.html]
[www.laserteam.pro/feeds/5390889348217101464/comments/default.html]
[www.laserteam.pro/feeds/1461064998281489824/comments/default.html]
[www.laserteam.pro/feeds/3250245672871831802/comments/default.html]
[www.laserteam.pro/search7f96.html]
[www.laserteam.pro/2023/04/gem-of-day-boba-inu-bobainu.html]
[www.laserteam.pro/2023/04/gem-of-day-civilization-civ.html]
[www.laserteam.pro/2023/04/gem-of-day-squidgrow-never-seen.html]
[www.laserteam.pro/2023/03/gem-of-day-leonicorn-leons.html]
[www.laserteam.pro/2023/03/gem-of-day-tsangnyon-discover-new-world.html]
[www.laserteam.pro/2023/03/gem-of-day-tsuka.html]
[www.laserteam.pro/search7f96.html]
[www.laserteam.pro/feeds/2733263127731896496/comments/default.html]
[www.laserteam.pro/feeds/1635560445754917686/comments/default.html]
[www.laserteam.pro/feeds/6215118358986106044/comments/default.html]
[www.laserteam.pro/searcha974.html]
[www.laserteam.pro/2023/03/gem-of-day-tsangnyon-discover-new-world.html]
[www.laserteam.pro/2023/03/gem-of-day-leonicorn-leons.html]
[www.laserteam.pro/2023/03/gem-of-day-tsuka.html]
[www.laserteam.pro/2023/03/gem-of-day-bittensor-tao.html]
[www.laserteam.pro/2023/03/gem-of-day-chirpley-revolutionizing.html]
[www.laserteam.pro/2023/03/gem-of-day-sheikh-inu.html]
[www.laserteam.pro/searcha974.html]
[www.laserteam.pro/feeds/7204486295198548835/comments/default.html]
[www.laserteam.pro/feeds/2021707676896433505/comments/default.html]
[www.laserteam.pro/feeds/7656146572470458352/comments/default.html]
[www.laserteam.pro/search7d03.html]
[www.laserteam.pro/2023/03/gem-of-day-bittensor-tao.html]
[www.laserteam.pro/2023/03/gem-of-day-chirpley-revolutionizing.html]
[www.laserteam.pro/2023/03/gem-of-day-sheikh-inu.html]
[www.laserteam.pro/2023/03/gem-of-day-arbitrum.html]
[www.laserteam.pro/2023/03/how-to-prepare-yourself-for-crypto.html]
[www.laserteam.pro/2023/03/the-abc-of-crypto-what-you-need-to-know.html]
[www.laserteam.pro/search7d03.html]
[www.laserteam.pro/feeds/478442172772788044/comments/default.html]
[www.laserteam.pro/feeds/8732949587326379790/comments/default.html]
[www.laserteam.pro/feeds/4020596427594525415/comments/default.html]
[www.laserteam.pro/search4503.html]
[www.laserteam.pro/2023/03/gem-of-day-arbitrum.html]
[www.laserteam.pro/2023/03/how-to-prepare-yourself-for-crypto.html]
[www.laserteam.pro/2023/03/the-abc-of-crypto-what-you-need-to-know.html]
[www.laserteam.pro/2023/03/why-cryptocurrencies-are-gaining.html]
[www.laserteam.pro/2023/03/when-will-crypto-bull-market-return.html]
[www.laserteam.pro/2023/03/gem-of-day-bite.html]
[www.laserteam.pro/search4503.html]
[www.laserteam.pro/feeds/6264835277256945888/comments/default.html]
[www.laserteam.pro/feeds/348205800908165441/comments/default.html]
[www.laserteam.pro/feeds/4448453612083520233/comments/default.html]
[www.laserteam.pro/search13fd.html]
[www.laserteam.pro/2023/03/why-cryptocurrencies-are-gaining.html]
[www.laserteam.pro/2023/03/when-will-crypto-bull-market-return.html]
[www.laserteam.pro/2023/03/gem-of-day-bite.html]
[www.laserteam.pro/2023/03/understanding-blockchain-technology.html]
[www.laserteam.pro/2023/02/gem-of-day-optimus-ai.html]
[www.laserteam.pro/2023/02/big-five-nft-marketplace.html]
[www.laserteam.pro/search13fd.html]
[www.laserteam.pro/feeds/233461581353387011/comments/default.html]
[www.laserteam.pro/feeds/5528069119828706796/comments/default.html]
[www.laserteam.pro/feeds/4781785998061794785/comments/default.html]
[www.laserteam.pro/searchdafc.html]
[www.laserteam.pro/2023/03/understanding-blockchain-technology.html]
[www.laserteam.pro/2023/02/gem-of-day-optimus-ai.html]
[www.laserteam.pro/2023/02/big-five-nft-marketplace.html]
[www.laserteam.pro/2023/02/we-need-to-talk-about-this-influencer.html]
[www.laserteam.pro/2023/02/a-deep-dive-into-altcoins-and-their.html]
[www.laserteam.pro/2023/02/must-watch-baby-doge.html]
[www.laserteam.pro/searchdafc.html]
[www.laserteam.pro/feeds/4824022970307643535/comments/default.html]
[www.laserteam.pro/feeds/2069948565133680244/comments/default.html]
[www.laserteam.pro/feeds/4091448668072669025/comments/default.html]
[www.laserteam.pro/search183f.html]
[www.laserteam.pro/2023/02/we-need-to-talk-about-this-influencer.html]
[www.laserteam.pro/2023/02/a-deep-dive-into-altcoins-and-their.html]
[www.laserteam.pro/2023/02/must-watch-baby-doge.html]
[www.laserteam.pro/2023/02/gem-of-day-verasity-vra.html]
[www.laserteam.pro/2023/02/is-token-burning-magical-solution.html]
[www.laserteam.pro/2023/02/metamask-warns-users-against-namecheap.html]
[www.laserteam.pro/search183f.html]
[www.laserteam.pro/feeds/9052519658012732290/comments/default.html]
[www.laserteam.pro/feeds/3727240027172701457/comments/default.html]
[www.laserteam.pro/feeds/238811710873904028/comments/default.html]
[www.laserteam.pro/searchebea.html]
[www.laserteam.pro/2023/02/gem-of-day-verasity-vra.html]
[www.laserteam.pro/2023/02/is-token-burning-magical-solution.html]
[www.laserteam.pro/2023/02/metamask-warns-users-against-namecheap.html]
[www.laserteam.pro/2022/10/xrp-price-prediction-3-reasons-why-xrp.html]
[www.laserteam.pro/2022/10/the-coolest-nft-projects-in-2022.html]
[www.laserteam.pro/searchebea.html]
[www.laserteam.pro/feeds/7855205874099791855/comments/default.html]
[www.laserteam.pro/feeds/8567771622989915106/comments/default.html]
[www.laserteam.pro/feeds/2131640167864489278/comments/default.html]
[www.laserteam.pro/2022/10/mit-researcher-says-satoshi-nakamoto.html]
[www.laserteam.pro/2022/10/xrp-price-prediction-3-reasons-why-xrp.html]
[www.laserteam.pro/2022/10/the-coolest-nft-projects-in-2022.html]
[www.laserteam.pro/2022/10/mit-researcher-says-satoshi-nakamoto.html]
[www.laserteam.pro/feeds/7525001052468327340/comments/default.html]
[www.laserteam.pro/feeds/5543087152137937099/comments/default.html]
[www.laserteam.pro/feeds/8058502115672529005/comments/default.html]
